windows=(8094, 640, 6) fog_rate=0.2067 subjects=35
count     35.000000
mean     231.257143
std       97.698318
min      114.000000
25%      114.000000
50%      228.000000
75%      342.000000
max      342.000000
fixed test: n=2280 subjects=['SUB09', 'SUB13', 'SUB14', 'SUB16', 'SUB20', 'SUB22', 'SUB25', 'SUB27', 'SUB30']
[seed 42] val_mid_n=342 mid_subjects=['SUB08', 'SUB24', 'SUB29']
[seed 42] train_n=3648 val_n=2166 counts=[2865.0, 783.0] FocalLoss
[seed 42] ep 01 train_loss=0.0539 val_nll=0.5616 val_f1=0.8065 val_auprc=0.8856 sel_auprc=0.6500
[seed 42] ep 02 train_loss=0.0368 val_nll=0.3407 val_f1=0.8966 val_auprc=0.8915 sel_auprc=0.7081
[seed 42] ep 03 train_loss=0.0256 val_nll=0.2851 val_f1=0.8864 val_auprc=0.8807 sel_auprc=0.6574
[seed 42] ep 04 train_loss=0.0216 val_nll=0.3793 val_f1=0.8596 val_auprc=0.8963 sel_auprc=0.6372
[seed 42] ep 05 train_loss=0.0186 val_nll=0.2425 val_f1=0.9026 val_auprc=0.9075 sel_auprc=0.7380
[seed 42] ep 06 train_loss=0.0119 val_nll=0.2513 val_f1=0.8670 val_auprc=0.8565 sel_auprc=0.6772
[seed 42] ep 07 train_loss=0.0112 val_nll=0.2307 val_f1=0.8658 val_auprc=0.8728 sel_auprc=0.6950
[seed 42] ep 08 train_loss=0.0090 val_nll=0.2310 val_f1=0.8638 val_auprc=0.8896 sel_auprc=0.6935
[seed 42] ep 09 train_loss=0.0073 val_nll=0.2285 val_f1=0.8609 val_auprc=0.8706 sel_auprc=0.7021
[seed 42] ep 10 train_loss=0.0064 val_nll=0.2274 val_f1=0.8623 val_auprc=0.8673 sel_auprc=0.6371
[seed 42] ep 11 train_loss=0.0058 val_nll=0.2402 val_f1=0.8478 val_auprc=0.8393 sel_auprc=0.6123
[seed 42] ep 12 train_loss=0.0134 val_nll=0.2296 val_f1=0.8885 val_auprc=0.8762 sel_auprc=0.6567
[seed 42] ep 13 train_loss=0.0071 val_nll=0.2458 val_f1=0.8911 val_auprc=0.8829 sel_auprc=0.6320
[seed 42] ep 14 train_loss=0.0124 val_nll=0.2281 val_f1=0.8868 val_auprc=0.8778 sel_auprc=0.6049
[seed 42] ep 15 train_loss=0.0054 val_nll=0.2372 val_f1=0.8438 val_auprc=0.8757 sel_auprc=0.6056
[seed 42] ep 16 train_loss=0.0043 val_nll=0.2552 val_f1=0.8236 val_auprc=0.8765 sel_auprc=0.6219
[seed 42] ep 17 train_loss=0.0034 val_nll=0.2405 val_f1=0.8417 val_auprc=0.8754 sel_auprc=0.6461
[seed 42] early stop at ep 17 (best auprc=0.7380)
[seed 43] val_mid_n=456 mid_subjects=['SUB02', 'SUB08', 'SUB23']
[seed 43] train_n=3648 val_n=2166 counts=[2900.0, 748.0] FocalLoss
[seed 43] ep 01 train_loss=0.0481 val_nll=0.4894 val_f1=0.8430 val_auprc=0.8826 sel_auprc=0.7665
[seed 43] ep 02 train_loss=0.0350 val_nll=0.3439 val_f1=0.9365 val_auprc=0.9377 sel_auprc=0.8902
[seed 43] ep 03 train_loss=0.0259 val_nll=0.2744 val_f1=0.9467 val_auprc=0.9519 sel_auprc=0.9195
[seed 43] ep 04 train_loss=0.0246 val_nll=0.2781 val_f1=0.9515 val_auprc=0.9641 sel_auprc=0.9105
[seed 43] ep 05 train_loss=0.0174 val_nll=0.2532 val_f1=0.9188 val_auprc=0.9358 sel_auprc=0.8649
[seed 43] ep 06 train_loss=0.0136 val_nll=0.2165 val_f1=0.9188 val_auprc=0.9344 sel_auprc=0.8575
[seed 43] ep 07 train_loss=0.0132 val_nll=0.2662 val_f1=0.9026 val_auprc=0.9486 sel_auprc=0.8805
[seed 43] ep 08 train_loss=0.0135 val_nll=0.2202 val_f1=0.8634 val_auprc=0.9366 sel_auprc=0.8702
[seed 43] ep 09 train_loss=0.0100 val_nll=0.2378 val_f1=0.9001 val_auprc=0.9297 sel_auprc=0.8674
[seed 43] ep 10 train_loss=0.0093 val_nll=0.2486 val_f1=0.8914 val_auprc=0.9399 sel_auprc=0.8813
[seed 43] ep 11 train_loss=0.0081 val_nll=0.2328 val_f1=0.9094 val_auprc=0.9494 sel_auprc=0.8665
[seed 43] ep 12 train_loss=0.0057 val_nll=0.2223 val_f1=0.8414 val_auprc=0.9265 sel_auprc=0.8797
[seed 43] ep 13 train_loss=0.0059 val_nll=0.2093 val_f1=0.8891 val_auprc=0.9070 sel_auprc=0.8665
[seed 43] ep 14 train_loss=0.0054 val_nll=0.2083 val_f1=0.8721 val_auprc=0.9138 sel_auprc=0.8636
[seed 43] ep 15 train_loss=0.0058 val_nll=0.2049 val_f1=0.8947 val_auprc=0.9214 sel_auprc=0.8368
[seed 43] early stop at ep 15 (best auprc=0.9195)
[seed 44] val_mid_n=342 mid_subjects=['SUB04', 'SUB08', 'SUB24']
[seed 44] train_n=3762 val_n=2052 counts=[2952.0, 810.0] FocalLoss
[seed 44] ep 01 train_loss=0.0495 val_nll=0.4602 val_f1=0.8666 val_auprc=0.8780 sel_auprc=0.5301
[seed 44] ep 02 train_loss=0.0295 val_nll=0.3026 val_f1=0.8721 val_auprc=0.8688 sel_auprc=0.6636
[seed 44] ep 03 train_loss=0.0234 val_nll=0.4143 val_f1=0.8148 val_auprc=0.9442 sel_auprc=0.7069
[seed 44] ep 04 train_loss=0.0235 val_nll=0.2567 val_f1=0.8978 val_auprc=0.9323 sel_auprc=0.6865
[seed 44] ep 05 train_loss=0.0154 val_nll=0.2475 val_f1=0.8895 val_auprc=0.9355 sel_auprc=0.6936
[seed 44] ep 06 train_loss=0.0096 val_nll=0.2040 val_f1=0.8973 val_auprc=0.9293 sel_auprc=0.7188
[seed 44] ep 07 train_loss=0.0063 val_nll=0.2203 val_f1=0.8741 val_auprc=0.9030 sel_auprc=0.6261
[seed 44] ep 08 train_loss=0.0063 val_nll=0.3116 val_f1=0.8251 val_auprc=0.9113 sel_auprc=0.6210
[seed 44] ep 09 train_loss=0.0065 val_nll=0.2678 val_f1=0.8650 val_auprc=0.9030 sel_auprc=0.6210
[seed 44] ep 10 train_loss=0.0066 val_nll=0.2621 val_f1=0.8615 val_auprc=0.9153 sel_auprc=0.6687
[seed 44] ep 11 train_loss=0.0056 val_nll=0.2073 val_f1=0.8863 val_auprc=0.9132 sel_auprc=0.6412
[seed 44] ep 12 train_loss=0.0029 val_nll=0.2536 val_f1=0.8654 val_auprc=0.9041 sel_auprc=0.6066
[seed 44] ep 13 train_loss=0.0043 val_nll=0.2593 val_f1=0.8675 val_auprc=0.8773 sel_auprc=0.6448
[seed 44] ep 14 train_loss=0.0047 val_nll=0.2630 val_f1=0.8692 val_auprc=0.9305 sel_auprc=0.6110
[seed 44] ep 15 train_loss=0.0049 val_nll=0.2164 val_f1=0.8865 val_auprc=0.9117 sel_auprc=0.6552
[seed 44] ep 16 train_loss=0.0025 val_nll=0.1875 val_f1=0.9002 val_auprc=0.9254 sel_auprc=0.6724
[seed 44] ep 17 train_loss=0.0024 val_nll=0.2161 val_f1=0.8945 val_auprc=0.9172 sel_auprc=0.6557
[seed 44] ep 18 train_loss=0.0024 val_nll=0.2021 val_f1=0.8933 val_auprc=0.9216 sel_auprc=0.6463
[seed 44] early stop at ep 18 (best auprc=0.7188)
VAL: {
  "nll": 0.24030789453826107,
  "acc": 0.9373995417393385,
  "bal_acc": 0.9228388878414235,
  "macro_f1": 0.9155382143734513,
  "auprc": 0.9295553562557158,
  "brier": 0.062199645986159645,
  "ece": 0.10321088416387796
}
TEST: {
  "nll": 0.45363351702690125,
  "acc": 0.7872807017543859,
  "bal_acc": 0.6329719760319129,
  "macro_f1": 0.6283423727002047,
  "auprc": 0.46106689665043843,
  "brier": 0.14457285404205322,
  "ece": 0.05741255403610699
}
